
> internal-review-report@0.1.0 build
> next build

node.exe : 
[baseline-browser-mapping] The 
data in this module is over two 
months old.  To ensure accurate 
Baseline data, please update: `npm 
i baseline-browser-mapping@latest 
-D`
At line:1 char:1
+ & "C:\nvm4w\nodejs/node.exe" "C:\
nvm4w\nodejs/node_modules/npm/bin/n
p ...
+ ~~~~~~~~~~~~~~~~~~~~~~~~~~~~~~~~~
~~~~~~~~~~~~~~~~~~~~~~~~~~~~~~~~~~~
~
    + CategoryInfo          : 
NotSpeci    fied: 
([baseline-brows...ping@late    st 
-D`:String) [], RemoteException
    + FullyQualifiedErrorId : 
NativeCo    mmandError
 
   Γû▓ Next.js 16.0.5 (Turbopack)
   - Environments: .env.local

 ΓÜá The "middleware" file 
convention is deprecated. Please 
use "proxy" instead. Learn more: ht
tps://nextjs.org/docs/messages/midd
leware-to-proxy
   Creating an optimized production build ...
[baseline-browser-mapping] The 
data in this module is over two 
months old.  To ensure accurate 
Baseline data, please update: `npm 
i baseline-browser-mapping@latest 
-D`
 Γ£ô Compiled successfully in 3.0s
   Running TypeScript ...
   Collecting page data using 11 workers ...
[baseline-browser-mapping] The 
data in this module is over two 
months old.  To ensure accurate 
Baseline data, please update: `npm 
i baseline-browser-mapping@latest 
-D`
[baseline-browser-mapping] The 
data in this module is over two 
months old.  To ensure accurate 
Baseline data, please update: `npm 
i baseline-browser-mapping@latest 
-D`
[baseline-browser-mapping] The 
data in this module is over two 
months old.  To ensure accurate 
Baseline data, please update: `npm 
i baseline-browser-mapping@latest 
-D`
[baseline-browser-mapping] The 
data in this module is over two 
months old.  To ensure accurate 
Baseline data, please update: `npm 
i baseline-browser-mapping@latest 
-D`
[baseline-browser-mapping] The 
data in this module is over two 
months old.  To ensure accurate 
Baseline data, please update: `npm 
i baseline-browser-mapping@latest 
-D`
[baseline-browser-mapping] The 
data in this module is over two 
months old.  To ensure accurate 
Baseline data, please update: `npm 
i baseline-browser-mapping@latest 
-D`
[baseline-browser-mapping] The 
data in this module is over two 
months old.  To ensure accurate 
Baseline data, please update: `npm 
i baseline-browser-mapping@latest 
-D`
[baseline-browser-mapping] The 
data in this module is over two 
months old.  To ensure accurate 
Baseline data, please update: `npm 
i baseline-browser-mapping@latest 
-D`
[baseline-browser-mapping] The 
data in this module is over two 
months old.  To ensure accurate 
Baseline data, please update: `npm 
i baseline-browser-mapping@latest 
-D`
[baseline-browser-mapping] The 
data in this module is over two 
months old.  To ensure accurate 
Baseline data, please update: `npm 
i baseline-browser-mapping@latest 
-D`
   Generating static pages using 11 workers (0/9) ...
[baseline-browser-mapping] The 
data in this module is over two 
months old.  To ensure accurate 
Baseline data, please update: `npm 
i baseline-browser-mapping@latest 
-D`
   Generating static pages using 11 workers (2/9) 
Error occurred prerendering page 
"/admin/users". Read more: https://
nextjs.org/docs/messages/prerender-
error
TypeError: Cannot destructure 
property 'data' of '(0 , 
d.useSession)(...)' as it is 
undefined.
    at k (C:\build your 
innovation\projects\ahmed ali bhai\
internal-review-report\.next\server
\chunks\ssr\[root-of-the-server]__d
73c392d._.js:1:2714) {
  digest: '2154798054'
}
Export encountered an error on 
/admin/users/page: /admin/users, 
exiting the build.
 Γ¿» Next.js build worker exited 
with code: 1 and signal: null
